// Jest Snapshot v1, https://goo.gl/fbAQLP

exports[`scripts/lib.js gets every example in the system 1`] = `
Object {
  "alignment": Array [
    "<div class=\\"slds-align_absolute-center\\">This content will be positioned in the absolute center of its container</div>",
  ],
  "buttons": Array [
    "FAILED: buttons/base/states",
    "FAILED: buttons/with-icon/examples",
  ],
  "data-tables": Array [
    "<table class=\\"slds-table slds-table_bordered slds-table_cell-buffer slds-table_striped\\"><thead><tr class=\\"slds-text-title_caps\\"><th scope=\\"col\\"><div class=\\"slds-truncate\\" title=\\"Opportunity Name\\">Opportunity Name</div></th><th scope=\\"col\\"><div class=\\"slds-truncate\\" title=\\"Account Name\\">Account Name</div></th><th scope=\\"col\\"><div class=\\"slds-truncate\\" title=\\"Close Date\\">Close Date</div></th><th scope=\\"col\\"><div class=\\"slds-truncate\\" title=\\"Stage\\">Stage</div></th><th scope=\\"col\\"><div class=\\"slds-truncate\\" title=\\"Confidence\\">Confidence</div></th><th scope=\\"col\\"><div class=\\"slds-truncate\\" title=\\"Amount\\">Amount</div></th><th scope=\\"col\\"><div class=\\"slds-truncate\\" title=\\"Contact\\">Contact</div></th></tr></thead><tbody><tr><th scope=\\"row\\" data-label=\\"Opportunity Name\\"><div class=\\"slds-truncate\\" title=\\"Cloudhub\\"><a href=\\"javascript:void(0);\\">Cloudhub</a></div></th><td data-label=\\"Account Name\\"><div class=\\"slds-truncate\\" title=\\"Cloudhub\\">Cloudhub</div></td><td data-label=\\"Close Date\\"><div class=\\"slds-truncate\\" title=\\"4/14/2015\\">4/14/2015</div></td><td data-label=\\"Prospecting\\"><div class=\\"slds-truncate\\" title=\\"Prospecting\\">Prospecting</div></td><td data-label=\\"Confidence\\"><div class=\\"slds-truncate\\" title=\\"20%\\">20%</div></td><td data-label=\\"Amount\\"><div class=\\"slds-truncate\\" title=\\"$25k\\">$25k</div></td><td data-label=\\"Contact\\"><div class=\\"slds-truncate\\" title=\\"jrogers@cloudhub.com\\"><a href=\\"javascript:void(0);\\">jrogers@cloudhub.com</a></div></td></tr><tr><th scope=\\"row\\" data-label=\\"Opportunity Name\\"><div class=\\"slds-truncate\\" title=\\"Cloudhub + Anypoint Connectors\\"><a href=\\"javascript:void(0);\\">Cloudhub + Anypoint Connectors</a></div></th><td data-label=\\"Account Name\\"><div class=\\"slds-truncate\\" title=\\"Cloudhub\\">Cloudhub</div></td><td data-label=\\"Close Date\\"><div class=\\"slds-truncate\\" title=\\"4/14/2015\\">4/14/2015</div></td><td data-label=\\"Prospecting\\"><div class=\\"slds-truncate\\" title=\\"Prospecting\\">Prospecting</div></td><td data-label=\\"Confidence\\"><div class=\\"slds-truncate\\" title=\\"20%\\">20%</div></td><td data-label=\\"Amount\\"><div class=\\"slds-truncate\\" title=\\"$25k\\">$25k</div></td><td data-label=\\"Contact\\"><div class=\\"slds-truncate\\" title=\\"jrogers@cloudhub.com\\"><a href=\\"javascript:void(0);\\">jrogers@cloudhub.com</a></div></td></tr><tr><th scope=\\"row\\" data-label=\\"Opportunity Name\\"><div class=\\"slds-truncate\\" title=\\"Cloudhub\\"><a href=\\"javascript:void(0);\\">Cloudhub</a></div></th><td data-label=\\"Account Name\\"><div class=\\"slds-truncate\\" title=\\"Cloudhub\\">Cloudhub</div></td><td data-label=\\"Close Date\\"><div class=\\"slds-truncate\\" title=\\"4/14/2015\\">4/14/2015</div></td><td data-label=\\"Prospecting\\"><div class=\\"slds-truncate\\" title=\\"Prospecting\\">Prospecting</div></td><td data-label=\\"Confidence\\"><div class=\\"slds-truncate\\" title=\\"20%\\">20%</div></td><td data-label=\\"Amount\\"><div class=\\"slds-truncate\\" title=\\"$25k\\">$25k</div></td><td data-label=\\"Contact\\"><div class=\\"slds-truncate\\" title=\\"jrogers@cloudhub.com\\"><a href=\\"javascript:void(0);\\">jrogers@cloudhub.com</a></div></td></tr></tbody></table>",
    "<table class=\\"slds-table slds-table_bordered slds-table_cell-buffer slds-no-row-hover\\"><thead><tr class=\\"slds-text-title_caps\\"><th scope=\\"col\\"><div class=\\"slds-truncate\\" title=\\"Opportunity Name\\">Opportunity Name</div></th><th scope=\\"col\\"><div class=\\"slds-truncate\\" title=\\"Account Name\\">Account Name</div></th><th scope=\\"col\\"><div class=\\"slds-truncate\\" title=\\"Close Date\\">Close Date</div></th><th scope=\\"col\\"><div class=\\"slds-truncate\\" title=\\"Stage\\">Stage</div></th><th scope=\\"col\\"><div class=\\"slds-truncate\\" title=\\"Confidence\\">Confidence</div></th><th scope=\\"col\\"><div class=\\"slds-truncate\\" title=\\"Amount\\">Amount</div></th><th scope=\\"col\\"><div class=\\"slds-truncate\\" title=\\"Contact\\">Contact</div></th></tr></thead><tbody><tr><th scope=\\"row\\" data-label=\\"Opportunity Name\\"><div class=\\"slds-truncate\\" title=\\"Cloudhub\\"><a href=\\"javascript:void(0);\\">Cloudhub</a></div></th><td data-label=\\"Account Name\\"><div class=\\"slds-truncate\\" title=\\"Cloudhub\\">Cloudhub</div></td><td data-label=\\"Close Date\\"><div class=\\"slds-truncate\\" title=\\"4/14/2015\\">4/14/2015</div></td><td data-label=\\"Prospecting\\"><div class=\\"slds-truncate\\" title=\\"Prospecting\\">Prospecting</div></td><td data-label=\\"Confidence\\"><div class=\\"slds-truncate\\" title=\\"20%\\">20%</div></td><td data-label=\\"Amount\\"><div class=\\"slds-truncate\\" title=\\"$25k\\">$25k</div></td><td data-label=\\"Contact\\"><div class=\\"slds-truncate\\" title=\\"jrogers@cloudhub.com\\"><a href=\\"javascript:void(0);\\">jrogers@cloudhub.com</a></div></td></tr><tr><th scope=\\"row\\" data-label=\\"Opportunity Name\\"><div class=\\"slds-truncate\\" title=\\"Cloudhub + Anypoint Connectors\\"><a href=\\"javascript:void(0);\\">Cloudhub + Anypoint Connectors</a></div></th><td data-label=\\"Account Name\\"><div class=\\"slds-truncate\\" title=\\"Cloudhub\\">Cloudhub</div></td><td data-label=\\"Close Date\\"><div class=\\"slds-truncate\\" title=\\"4/14/2015\\">4/14/2015</div></td><td data-label=\\"Prospecting\\"><div class=\\"slds-truncate\\" title=\\"Prospecting\\">Prospecting</div></td><td data-label=\\"Confidence\\"><div class=\\"slds-truncate\\" title=\\"20%\\">20%</div></td><td data-label=\\"Amount\\"><div class=\\"slds-truncate\\" title=\\"$25k\\">$25k</div></td><td data-label=\\"Contact\\"><div class=\\"slds-truncate\\" title=\\"jrogers@cloudhub.com\\"><a href=\\"javascript:void(0);\\">jrogers@cloudhub.com</a></div></td></tr></tbody></table>",
    "<table class=\\"slds-table slds-table_bordered slds-table_cell-buffer slds-table_col-bordered\\"><thead><tr class=\\"slds-text-title_caps\\"><th scope=\\"col\\"><div class=\\"slds-truncate\\" title=\\"Opportunity Name\\">Opportunity Name</div></th><th scope=\\"col\\"><div class=\\"slds-truncate\\" title=\\"Account Name\\">Account Name</div></th><th scope=\\"col\\"><div class=\\"slds-truncate\\" title=\\"Close Date\\">Close Date</div></th><th scope=\\"col\\"><div class=\\"slds-truncate\\" title=\\"Stage\\">Stage</div></th><th scope=\\"col\\"><div class=\\"slds-truncate\\" title=\\"Confidence\\">Confidence</div></th><th scope=\\"col\\"><div class=\\"slds-truncate\\" title=\\"Amount\\">Amount</div></th><th scope=\\"col\\"><div class=\\"slds-truncate\\" title=\\"Contact\\">Contact</div></th></tr></thead><tbody><tr><th scope=\\"row\\" data-label=\\"Opportunity Name\\"><div class=\\"slds-truncate\\" title=\\"Cloudhub\\"><a href=\\"javascript:void(0);\\">Cloudhub</a></div></th><td data-label=\\"Account Name\\"><div class=\\"slds-truncate\\" title=\\"Cloudhub\\">Cloudhub</div></td><td data-label=\\"Close Date\\"><div class=\\"slds-truncate\\" title=\\"4/14/2015\\">4/14/2015</div></td><td data-label=\\"Prospecting\\"><div class=\\"slds-truncate\\" title=\\"Prospecting\\">Prospecting</div></td><td data-label=\\"Confidence\\"><div class=\\"slds-truncate\\" title=\\"20%\\">20%</div></td><td data-label=\\"Amount\\"><div class=\\"slds-truncate\\" title=\\"$25k\\">$25k</div></td><td data-label=\\"Contact\\"><div class=\\"slds-truncate\\" title=\\"jrogers@cloudhub.com\\"><a href=\\"javascript:void(0);\\">jrogers@cloudhub.com</a></div></td></tr><tr><th scope=\\"row\\" data-label=\\"Opportunity Name\\"><div class=\\"slds-truncate\\" title=\\"Cloudhub + Anypoint Connectors\\"><a href=\\"javascript:void(0);\\">Cloudhub + Anypoint Connectors</a></div></th><td data-label=\\"Account Name\\"><div class=\\"slds-truncate\\" title=\\"Cloudhub\\">Cloudhub</div></td><td data-label=\\"Close Date\\"><div class=\\"slds-truncate\\" title=\\"4/14/2015\\">4/14/2015</div></td><td data-label=\\"Prospecting\\"><div class=\\"slds-truncate\\" title=\\"Prospecting\\">Prospecting</div></td><td data-label=\\"Confidence\\"><div class=\\"slds-truncate\\" title=\\"20%\\">20%</div></td><td data-label=\\"Amount\\"><div class=\\"slds-truncate\\" title=\\"$25k\\">$25k</div></td><td data-label=\\"Contact\\"><div class=\\"slds-truncate\\" title=\\"jrogers@cloudhub.com\\"><a href=\\"javascript:void(0);\\">jrogers@cloudhub.com</a></div></td></tr></tbody></table>",
    "<table class=\\"slds-table slds-table_bordered slds-table_cell-buffer\\"><thead><tr class=\\"slds-text-title_caps\\"><th scope=\\"col\\"><div class=\\"slds-truncate\\" title=\\"Opportunity Name\\">Opportunity Name</div></th><th scope=\\"col\\"><div class=\\"slds-truncate\\" title=\\"Account Name\\">Account Name</div></th><th scope=\\"col\\"><div class=\\"slds-truncate\\" title=\\"Close Date\\">Close Date</div></th><th scope=\\"col\\"><div class=\\"slds-truncate\\" title=\\"Stage\\">Stage</div></th><th scope=\\"col\\"><div class=\\"slds-truncate\\" title=\\"Confidence\\">Confidence</div></th><th scope=\\"col\\"><div class=\\"slds-truncate\\" title=\\"Amount\\">Amount</div></th><th scope=\\"col\\"><div class=\\"slds-truncate\\" title=\\"Contact\\">Contact</div></th></tr></thead><tbody><tr><th scope=\\"row\\" data-label=\\"Opportunity Name\\"><div class=\\"slds-truncate\\" title=\\"Cloudhub\\"><a href=\\"javascript:void(0);\\">Cloudhub</a></div></th><td data-label=\\"Account Name\\"><div class=\\"slds-truncate\\" title=\\"Cloudhub\\">Cloudhub</div></td><td data-label=\\"Close Date\\"><div class=\\"slds-truncate\\" title=\\"4/14/2015\\">4/14/2015</div></td><td data-label=\\"Prospecting\\"><div class=\\"slds-truncate\\" title=\\"Prospecting\\">Prospecting</div></td><td data-label=\\"Confidence\\"><div class=\\"slds-truncate\\" title=\\"20%\\">20%</div></td><td data-label=\\"Amount\\"><div class=\\"slds-truncate\\" title=\\"$25k\\">$25k</div></td><td data-label=\\"Contact\\"><div class=\\"slds-truncate\\" title=\\"jrogers@cloudhub.com\\"><a href=\\"javascript:void(0);\\">jrogers@cloudhub.com</a></div></td></tr><tr><th scope=\\"row\\" data-label=\\"Opportunity Name\\"><div class=\\"slds-truncate\\" title=\\"Cloudhub + Anypoint Connectors\\"><a href=\\"javascript:void(0);\\">Cloudhub + Anypoint Connectors</a></div></th><td data-label=\\"Account Name\\"><div class=\\"slds-truncate\\" title=\\"Cloudhub\\">Cloudhub</div></td><td data-label=\\"Close Date\\"><div class=\\"slds-truncate\\" title=\\"4/14/2015\\">4/14/2015</div></td><td data-label=\\"Prospecting\\"><div class=\\"slds-truncate\\" title=\\"Prospecting\\">Prospecting</div></td><td data-label=\\"Confidence\\"><div class=\\"slds-truncate\\" title=\\"20%\\">20%</div></td><td data-label=\\"Amount\\"><div class=\\"slds-truncate\\" title=\\"$25k\\">$25k</div></td><td data-label=\\"Contact\\"><div class=\\"slds-truncate\\" title=\\"jrogers@cloudhub.com\\"><a href=\\"javascript:void(0);\\">jrogers@cloudhub.com</a></div></td></tr></tbody></table>",
    "FAILED: data-tables/advanced/states",
    "FAILED: data-tables/inline-edit/states",
  ],
  "floats": Array [
    "<div class=\\"slds-clearfix\\"><div class=\\"slds-float_left\\"><p>I’m floooaaaating</p></div></div>",
    "<div class=\\"slds-clearfix\\"><div class=\\"slds-float_right\\"><p>I’m floooaaaating</p></div></div>",
    "<div class=\\"slds-float_none\\"><p>I’m not floooaaaating</p></div>",
    "<div class=\\"slds-clearfix\\"><div class=\\"slds-float_left\\"><p>I’m floooaaaating</p></div><div class=\\"slds-float_right\\"><p>I’m floooaaaating</p></div></div>",
    "<div><p>I’m floooaaaating</p></div>",
    "<div class=\\"slds-clearfix\\"><div class=\\"slds-float_left\\"><p>I’m floooaaaating</p></div></div>",
    "<div class=\\"slds-clearfix\\"><div class=\\"slds-float_right\\"><p>I’m floooaaaating</p></div></div>",
    "<div class=\\"slds-float_none\\"><p>I’m not floooaaaating</p></div>",
    "<div class=\\"slds-clearfix\\"><div class=\\"slds-float_left\\"><p>I’m floooaaaating</p></div><div class=\\"slds-float_right\\"><p>I’m floooaaaating</p></div></div>",
    "<div><p>I’m floooaaaating</p></div>",
    "<div class=\\"slds-clearfix\\"><div class=\\"slds-float_left\\"><p>I’m floooaaaating</p></div></div>",
    "<div class=\\"slds-clearfix\\"><div class=\\"slds-float_right\\"><p>I’m floooaaaating</p></div></div>",
    "<div class=\\"slds-float_none\\"><p>I’m not floooaaaating</p></div>",
    "<div class=\\"slds-clearfix\\"><div class=\\"slds-float_left\\"><p>I’m floooaaaating</p></div><div class=\\"slds-float_right\\"><p>I’m floooaaaating</p></div></div>",
    "<div><p>I’m floooaaaating</p></div>",
  ],
}
`;
